// Jest Snapshot v1, https://goo.gl/fbAQLP

exports[`matches snapshot 1`] = `
<div
  className="display"
  data-testid="display"
>
  <span>
    1
    +
    5
  </span>
</div>
`;
